../Core/Src/main.c:67:6:HAL_UART_TxCpltCallback	16	static
../Core/Src/main.c:80:6:HAL_UART_RxCpltCallback	16	static
../Core/Src/main.c:93:6:HAL_GPIO_EXTI_Callback	16	static
../Core/Src/main.c:107:5:main	16	static
../Core/Src/main.c:177:6:SystemClock_Config	88	static
../Core/Src/main.c:224:13:MX_USART2_UART_Init	8	static
../Core/Src/main.c:257:13:MX_USART6_UART_Init	8	static
../Core/Src/main.c:290:13:MX_GPIO_Init	40	static
../Core/Src/main.c:325:9:uart_transmit	24	static
../Core/Src/main.c:360:6:Error_Handler	4	static,ignoring_inline_asm
